=== B1: audit of the unbounded solution-form (parameterisation) lemma ===
solver entry: axeyum_solver::check_auto_explained, Sort::Int variables,
NO range constraints asserted (truly unbounded over Z^3).


[LEMMA a=2 b=3 (a'=2 b'=3)] unbounded over Z^3
  TRUE  claim1: a(x-y)=bz /\ NOT(2 | z)                      -> unsat                        (0.002s)  expect=unsat      OK
      route| probe: fragment {int}
      route| dl-online: declined (not-applicable)
      route| lia-simplex: declined (unsupported)
      route| lia-dpll: decided unsat
  TRUE  claim2: ... /\ 2|z /\ x-y != 3*(z/2)                 -> unsat                        (0.001s)  expect=unsat      OK
      route| probe: fragment {int}
      route| dl-online: declined (not-applicable)
      route| lia-simplex: declined (unsupported)
      route| lia-dpll: decided unsat

[FALSE CONTROLS a=2 b=3 (a'=2 b'=3)] unbounded over Z^3
  FALSE ctrlA: a(x-y)=bz /\ NOT(3 | z)                       -> sat                          (0.001s)  expect=sat        OK
      route| probe: fragment {int}
      route| dl-online: declined (not-applicable)
      route| lia-simplex: declined (unsupported)
      route| lia-dpll: decided sat
      model| x=Some(6) y=Some(0) z=Some(4)
  FALSE ctrlB: ... /\ 2|z /\ x-y != 3*(z/2)+1                -> sat                          (0.000s)  expect=sat        OK
      route| probe: fragment {int}
      route| dl-online: declined (not-applicable)
      route| lia-simplex: declined (unsupported)
      route| lia-dpll: decided sat
      model| x=Some(0) y=Some(0) z=Some(0)
  FALSE ctrlC: a(x-y)=bz /\ NOT(3 | z)                       -> sat                          (0.000s)  expect=sat        OK
      route| probe: fragment {int}
      route| dl-online: declined (not-applicable)
      route| lia-simplex: declined (unsupported)
      route| lia-dpll: decided sat
      model| x=Some(6) y=Some(0) z=Some(4)

[ANTI-BOUNDING a=2 b=3] solutions forced to be astronomically large / negative
  SAT   big: z=2*(1000000000000000000), x-y=3*(1000000000000000000), y=1 -> sat                          (0.000s)  expect=sat        OK
      route| probe: fragment {int}
      route| int-box-eval: decided sat
      model| x=Some(3000000000000000001) y=Some(1) z=Some(2000000000000000000)
  SAT   big: z=2*(-1000000000000000000), x-y=3*(-1000000000000000000), y=1 -> sat                          (0.000s)  expect=sat        OK
      route| probe: fragment {int}
      route| int-box-eval: decided sat
      model| x=Some(-2999999999999999999) y=Some(1) z=Some(-2000000000000000000)
  SAT   negatives: a(x-y)=bz /\ z<0 /\ x<0                   -> sat                          (0.000s)  expect=sat        OK
      route| probe: fragment {int}
      route| dl-online: declined (not-applicable)
      route| lia-simplex: decided sat
      model| x=Some(-1) y=Some(2) z=Some(-2)
  SAT   plain: a(x-y)=bz alone                               -> sat                          (0.000s)  expect=sat        OK
      route| probe: fragment {int}
      route| dl-online: declined (not-applicable)
      route| lia-simplex: decided sat
      model| x=Some(0) y=Some(0) z=Some(0)

[LEMMA a=3 b=2 (a'=3 b'=2)] unbounded over Z^3
  TRUE  claim1: a(x-y)=bz /\ NOT(3 | z)                      -> unsat                        (0.001s)  expect=unsat      OK
      route| probe: fragment {int}
      route| dl-online: declined (not-applicable)
      route| lia-simplex: declined (unsupported)
      route| lia-dpll: decided unsat
  TRUE  claim2: ... /\ 3|z /\ x-y != 2*(z/3)                 -> unsat                        (0.001s)  expect=unsat      OK
      route| probe: fragment {int}
      route| dl-online: declined (not-applicable)
      route| lia-simplex: declined (unsupported)
      route| lia-dpll: decided unsat

[FALSE CONTROLS a=3 b=2 (a'=3 b'=2)] unbounded over Z^3
  FALSE ctrlA: a(x-y)=bz /\ NOT(2 | z)                       -> sat                          (0.000s)  expect=sat        OK
      route| probe: fragment {int}
      route| dl-online: declined (not-applicable)
      route| lia-simplex: declined (unsupported)
      route| lia-dpll: decided sat
      model| x=Some(2) y=Some(0) z=Some(3)
  FALSE ctrlB: ... /\ 3|z /\ x-y != 2*(z/3)+1                -> sat                          (0.000s)  expect=sat        OK
      route| probe: fragment {int}
      route| dl-online: declined (not-applicable)
      route| lia-simplex: declined (unsupported)
      route| lia-dpll: decided sat
      model| x=Some(0) y=Some(0) z=Some(0)
  FALSE ctrlC: a(x-y)=bz /\ NOT(4 | z)                       -> sat                          (0.000s)  expect=sat        OK
      route| probe: fragment {int}
      route| dl-online: declined (not-applicable)
      route| lia-simplex: declined (unsupported)
      route| lia-dpll: decided sat
      model| x=Some(6) y=Some(0) z=Some(9)

[ANTI-BOUNDING a=3 b=2] solutions forced to be astronomically large / negative
  SAT   big: z=3*(1000000000000000000), x-y=2*(1000000000000000000), y=1 -> sat                          (0.000s)  expect=sat        OK
      route| probe: fragment {int}
      route| int-box-eval: decided sat
      model| x=Some(2000000000000000001) y=Some(1) z=Some(3000000000000000000)
  SAT   big: z=3*(-1000000000000000000), x-y=2*(-1000000000000000000), y=1 -> sat                          (0.000s)  expect=sat        OK
      route| probe: fragment {int}
      route| int-box-eval: decided sat
      model| x=Some(-1999999999999999999) y=Some(1) z=Some(-3000000000000000000)
  SAT   negatives: a(x-y)=bz /\ z<0 /\ x<0                   -> sat                          (0.000s)  expect=sat        OK
      route| probe: fragment {int}
      route| dl-online: declined (not-applicable)
      route| lia-simplex: decided sat
      model| x=Some(-1) y=Some(1) z=Some(-3)
  SAT   plain: a(x-y)=bz alone                               -> sat                          (0.000s)  expect=sat        OK
      route| probe: fragment {int}
      route| dl-online: declined (not-applicable)
      route| lia-simplex: decided sat
      model| x=Some(0) y=Some(0) z=Some(0)

[LEMMA a=4 b=3 (a'=4 b'=3)] unbounded over Z^3
  TRUE  claim1: a(x-y)=bz /\ NOT(4 | z)                      -> unsat                        (0.001s)  expect=unsat      OK
      route| probe: fragment {int}
      route| dl-online: declined (not-applicable)
      route| lia-simplex: declined (unsupported)
      route| lia-dpll: decided unsat
  TRUE  claim2: ... /\ 4|z /\ x-y != 3*(z/4)                 -> unsat                        (0.001s)  expect=unsat      OK
      route| probe: fragment {int}
      route| dl-online: declined (not-applicable)
      route| lia-simplex: declined (unsupported)
      route| lia-dpll: decided unsat

[FALSE CONTROLS a=4 b=3 (a'=4 b'=3)] unbounded over Z^3
