=== B2: the b = a+1 counterexample family, symbolic in a ===
All queries: `a` is an UNBOUNDED Sort::Int variable. Nothing sampled.

(i) THE IDENTITY  a(x-y) = b z  with (x,y,z) = (a b^2+1, 1, a^2 b)
  TRUE  (i)  refute: a(x-y) != b*z                               unsat                         0.00s  want=unsat      OK
      via | int-real-relax: decided unsat
  TRUE  (i') refute: general b, a(x-y) != b*z                    unsat                         0.00s  want=unsat      OK
      via | int-real-relax: decided unsat
  FALSE ctrl(i): refute: a(x-y) != b*(z+1)  [claim is FALSE]     sat                           0.01s  want=sat        OK
      via | nia-linearize: decided sat
      wit | a=2

(ii) IN RANGE  1 <= y,x,z <= N   with N = 2ab + a^2 b
  TRUE  (ii) refute: NOT(x <= N)                                 unsat                         0.00s  want=unsat      OK
      via | int-real-relax: decided unsat
  TRUE  (ii) refute: NOT(z <= N)                                 unsat                         0.00s  want=unsat      OK
      via | int-real-relax: decided unsat
  TRUE  (ii) refute: NOT(x >= 1)                                 unsat                         0.00s  want=unsat      OK
      via | int-real-relax: decided unsat
  TRUE  (ii) refute: NOT(z >= 1)                                 unsat                         0.00s  want=unsat      OK
      via | int-real-relax: decided unsat
  FALSE ctrl(ii): refute: z < x  [i.e. claim z>=x, FALSE]        sat                           0.00s  want=sat        OK
      via | nia-linearize: decided sat
      wit | a=2

(iii) MONOCHROMATIC: all three get colour 2
  TRUE  (iii.y1) refute: a | 1        [so 1 is a unit]           unknown(Timeout)             60.00s  want=unsat      *** MISMATCH ***
      via | int-blast-ladder: declined (budget: combined-theory timeout after scalar backend)
  TRUE  (iii.y2) refute: a*b < 1      [so 1 in left shell [1,ab]] unsat                         0.00s  want=unsat      OK
      via | int-real-relax: decided unsat
  BUG   (iii.z1-bad) refute: NOT(a^2|z) -- negated existential   sat                           0.00s  want=sat        OK
      via | nia-linearize: decided sat
      wit | a=2 pz=1
  TRUE  (iii.z1) refute: z != a^2*b   [witness p=b certifies a^2|z] unsat                         0.00s  want=unsat      OK
      via | term-identity-refuter: decided unsat
  TRUE  (iii.z2) refute: a^3 | z      [so v(z) = 2 exactly]      unknown(Incomplete)          20.93s  want=unsat      *** MISMATCH ***
      via | int-blast-ladder: declined (incomplete: no model within the bounded integer width 32; widen the bound)
  FALSE ctrl(iii.z): refute: a^2 | z  [claim a^2 nmid z, FALSE]  sat                           0.02s  want=sat        OK
      via | nia-linearize: decided sat
      wit | a=2 pz=3
  TRUE  (iii.x1) refute: a | x        [so x is a unit]           unknown(Incomplete)           0.95s  want=unsat      *** MISMATCH ***
      via | int-blast-ladder: declined (incomplete: no model within the bounded integer width 32; widen the bound)
  TRUE  (iii.x2) refute: x < N-ab+1   [so x in right shell]      unsat                         0.00s  want=unsat      OK
      via | int-real-relax: decided unsat
  TRUE  (iii.x3) refute: x != N-ab+1  [x IS the shell endpoint]  unsat                         0.00s  want=unsat      OK
      via | int-real-relax: decided unsat
  FALSE ctrl(iii.x): refute: x != N-ab [claim x=N-ab, FALSE]     sat                           0.00s  want=sat        OK
      via | nia-linearize: decided sat
      wit | a=2

(iv) THE WHOLE THEOREM AS ONE QUERY
  TRUE  (iv) refute: NOT(identity /\ range /\ x in right shell)  unsat                         0.14s  want=unsat      OK
      via | int-real-relax: decided unsat
  FALSE ctrl(iv): same conjunction + false conjunct z>=x         sat                           0.01s  want=sat        OK
      via | nia-linearize: decided sat
      wit | a=2

(v) NON-DIVISIBILITY VIA EXPLICIT REMAINDER WITNESSES
  TRUE  (v.y1) a nmid 1   witness s=0,r=1                        unsat                         0.00s  want=unsat      OK
      via | lia-dpll: decided unsat
  TRUE  (v.x1) a nmid x   witness s=b^2,r=1                      unsat                         0.00s  want=unsat      OK
      via | dl-online: decided unsat
  TRUE  (v.z2) a^3 nmid z witness s=1,r=a^2                      unsat                         0.00s  want=unsat      OK
      via | int-real-relax: decided unsat
  FALSE ctrl(v): bogus 'a^2 nmid z' witness r=a^2 out of range   sat                           0.01s  want=sat        OK
      via | nia-linearize: decided sat
      wit | a=2

  [B2] matched=21 mismatched=3
      MISMATCH: iii.y1 -> unknown(Timeout)
      MISMATCH: iii.z2 -> unknown(Incomplete)
      MISMATCH: iii.x1 -> unknown(Incomplete)
