=== B3 (k=2): minimal-hypothesis lemma chain ===
Every variable is an UNBOUNDED Sort::Int. Nothing sampled, no colouring table.

[L1] CANCEL:  a>=2, a*t = a^2*q  |=  t = a*q
  TRUE  L1                                                       unsat                         0.00s  want=unsat      OK
      via | int-real-relax: decided unsat
  FALSE cL1: claim t = a*q+1                                     sat                           0.00s  want=sat        OK
      via | nia-linearize: decided sat
      wit | a=2 t=0 q=0

[L2] POS:  a>=2, t>=1, t = a*w  |=  w >= 1
  TRUE  L2                                                       unsat                         0.00s  want=unsat      OK
      via | int-real-relax: decided unsat
  FALSE cL2: claim w >= 2                                        sat                           0.00s  want=sat        OK
      via | nia-linearize: decided sat
      wit | a=2 t=2 w=1

[L3] MONO:  a>=2, b>=1, w>=1, t = a*w  |=  b*t >= a*b
  TRUE  L3                                                       unknown(Timeout)             60.01s  want=unsat      *** MISMATCH ***
      via | int-blast-ladder: declined (budget: integer bit-blast width ladder: wall-clock timeout reached)
  FALSE cL3: claim b*t > a*b strictly                            sat                           0.03s  want=sat        OK
      via | nia-linearize: decided sat
      wit | a=2 b=1 t=2 w=1

[L4] SQUEEZE:  y>=1, x = y+P, P >= M, x <= M  |=  false   [P,M free]
  TRUE  L4                                                       unsat                         0.00s  want=unsat      OK
      via | lia-simplex: decided unsat
  FALSE cL4: weakened to P >= M-1                                sat                           0.00s  want=sat        OK
      via | lia-simplex: decided sat
      wit | y=1 P=0 M=1

[L5] DISTRIB:  x = a*px, y = a*py, x = y + bt  |=  bt = a*(px-py)
  TRUE  L5                                                       unsat                         0.00s  want=unsat      OK
      via | int-real-relax: decided unsat
  FALSE cL5: claim bt = a*(px-py)+1                              sat                           0.01s  want=sat        OK
      via | nia-linearize: decided sat
      wit | a=0 px=0 py=0 bt=0

[L6] BEZOUT:  a*u + b*v = 1, b*t = a*d  |=  t = a*(t*u + v*d)
  TRUE  L6                                                       unknown(Timeout)             60.00s  want=unsat      *** MISMATCH ***
      via | int-blast-ladder: declined (budget: integer bit-blast width ladder: wall-clock timeout reached)
  FALSE cL6: witness perturbed by +1                             sat                           0.03s  want=sat        OK
      via | int-blast-ladder: decided sat
      wit | a=1 b=-2 t=0 u=7 v=3 d=0

[L6'] NECESSITY of gcd: DROP Bezout from L6. Must NOT be unsat.
  FALSE cL6': no Bezout hypothesis                               sat                           0.02s  want=sat        OK
      via | int-blast-ladder: decided sat
      wit | a=4 b=2 t=-2 u=-1 v=4 d=-1

  [B3 k=2 minimal lemmas] matched=11 mismatched=2
      MISMATCH: L3 -> unknown(Timeout)
      MISMATCH: L6 -> unknown(Timeout)
