=== B3 (k=2): micro-lemmas for L3 (MONO) and L6 (BEZOUT) ===

[L3 parts]
  TRUE  M5: a>=2, b>=1 |= a*b >= 1                               unsat                         0.00s  want=unsat      OK
      via | int-real-relax: decided unsat
  FALSE cM5: claim a*b >= 3                                      sat                           0.00s  want=sat        OK
      via | nia-linearize: decided sat
      wit | a=2 b=1
  TRUE  M7: b*(a*w) = (a*b)*w  [ring identity]                   unsat                         0.00s  want=unsat      OK
      via | int-real-relax: decided unsat
  FALSE cM7: b*(a*w) = (a*b)*w + 1                               sat                           0.00s  want=sat        OK
      via | nia-linearize: decided sat
      wit | a=0 b=0 w=0
  TRUE  M6: M>=1, w>=1 |= M*w >= M                               unsat                         0.00s  want=unsat      OK
      via | int-real-relax: decided unsat
  FALSE cM6: claim M*w > M strictly                              sat                           0.00s  want=sat        OK
      via | nia-linearize: decided sat
      wit | M=1 w=1

[L6 parts]
  TRUE  M2: s=1 |= t*s = t                                       unsat                         0.00s  want=unsat      OK
      via | int-real-relax: decided unsat
  FALSE cM2: s=2 |= t*s = t                                      sat                           0.00s  want=sat        OK
      via | nia-linearize: decided sat
      wit | s=2 t=-1
  TRUE  M1: p=r |= v*p = v*r  [congruence]                       unsat                         0.00s  want=unsat      OK
      via | int-real-relax: decided unsat
  FALSE cM1: p=r+1 |= v*p = v*r                                  sat                           0.00s  want=sat        OK
      via | nia-linearize: decided sat
      wit | p=2 r=1 v=1
  TRUE  M1': p=r |= p*v = r*v  [orientation used]                unsat                         0.00s  want=unsat      OK
      via | int-real-relax: decided unsat
  FALSE cM1': p=r+1 |= p*v = r*v                                 sat                           0.00s  want=sat        OK
      via | nia-linearize: decided sat
      wit | p=2 r=1 v=1
  TRUE  M3: t*(a*u+b*v) = a*(t*u) + (b*t)*v  [identity]          unsat                         0.00s  want=unsat      OK
      via | int-real-relax: decided unsat
  FALSE cM3: same identity + 1                                   sat                           0.02s  want=sat        OK
      via | nia-linearize: decided sat
      wit | a=0 b=0 t=0 u=0 v=0
  TRUE  M4: a*(t*u) + (a*d)*v = a*(t*u + d*v)  [identity]        unsat                         0.00s  want=unsat      OK
      via | int-real-relax: decided unsat
  FALSE cM4: same identity + 1                                   sat                           0.02s  want=sat        OK
      via | nia-linearize: decided sat
      wit | a=0 t=0 u=0 v=0 d=0

  [B3 k=2 micro-lemmas] matched=16 mismatched=0
